<?xml version="1.0" encoding="UTF-8"?>
<testsuites tests="4" failures="0" disabled="0" errors="0" time="0.004" timestamp="2025-12-08T12:21:10.816" name="AllTests">
  <testsuite name="CalculatorTest" tests="4" failures="0" disabled="0" skipped="0" errors="0" time="0.002" timestamp="2025-12-08T12:21:10.818">
    <testcase name="Add" file="C:\Users\priyanka.deshmukh\Documents\CalculatorProject\tests\test_calculator.cpp" line="4" status="run" result="completed" time="0." timestamp="2025-12-08T12:21:10.819" classname="CalculatorTest" />
    <testcase name="Sub" file="C:\Users\priyanka.deshmukh\Documents\CalculatorProject\tests\test_calculator.cpp" line="9" status="run" result="completed" time="0." timestamp="2025-12-08T12:21:10.819" classname="CalculatorTest" />
    <testcase name="Mul" file="C:\Users\priyanka.deshmukh\Documents\CalculatorProject\tests\test_calculator.cpp" line="14" status="run" result="completed" time="0." timestamp="2025-12-08T12:21:10.820" classname="CalculatorTest" />
    <testcase name="Div" file="C:\Users\priyanka.deshmukh\Documents\CalculatorProject\tests\test_calculator.cpp" line="19" status="run" result="completed" time="0." timestamp="2025-12-08T12:21:10.820" classname="CalculatorTest" />
  </testsuite>
</testsuites>
